src/components/candidats/CreateCandidatContent.tsx(210,60): error TS2345: Argument of type '{ name: { firstName: string; lastName: string; }; birthDate: string; placeOfBirth: string | null; gender: string | null; phoneNumber: string; address: string; fatherName: { firstName: string; lastName: string; } | null; ... 8 more ...; photoBase64: string | ... 1 more ... | undefined; }' is not assignable to parameter of type 'Partial<Student>'.
  Types of property 'placeOfBirth' are incompatible.
    Type 'string | null' is not assignable to type 'string | undefined'.
      Type 'null' is not assignable to type 'string | undefined'.
